2017-12-29T16:33:13.129+0800: 433.512: [GC2017-12-29T16:33:13.130+0800: 433.512: [ParNew: 295373K->33085K(393216K), 0.0223200 secs] 547029K->284870K(4063232K), 0.0225500 secs] [Times: user=0.09 sys=0.01, real=0.02 secs]
2017-12-29T16:33:13.553+0800: 433.935: [GC2017-12-29T16:33:13.553+0800: 433.936: [ParNew: 295229K->34127K(393216K), 0.0191220 secs] 547014K->285924K(4063232K), 0.0201490 secs] [Times: user=0.10 sys=0.00, real=0.02 secs]
2017-12-29T16:33:13.981+0800: 434.363: [GC2017-12-29T16:33:13.981+0800: 434.363: [ParNew: 296271K->34428K(393216K), 0.0250030 secs] 548068K->286233K(4063232K), 0.0251960 secs] [Times: user=0.13 sys=0.00, real=0.02 secs]
2017-12-29T16:33:14.474+0800: 434.856: [GC2017-12-29T16:33:14.474+0800: 434.856: [ParNew: 296572K->37214K(393216K), 0.0275980 secs] 548377K->289041K(4063232K), 0.0278260 secs] [Times: user=0.14 sys=0.00, real=0.03 secs]
2017-12-29T16:33:14.990+0800: 435.372: [GC2017-12-29T16:33:14.991+0800: 435.373: [ParNew: 299358K->25785K(393216K), 0.0498260 secs] 551185K->288787K(4063232K), 0.0510470 secs] [Times: user=0.18 sys=0.01, real=0.05 secs]
2017-12-29T16:33:15.441+0800: 435.823: [GC2017-12-29T16:33:15.441+0800: 435.823: [ParNew: 287929K->11809K(393216K), 0.0762790 secs] 550931K->281328K(4063232K), 0.0765220 secs] [Times: user=0.30 sys=0.01, real=0.08 secs]
2017-12-29T16:33:16.009+0800: 436.391: [GC2017-12-29T16:33:16.009+0800: 436.392: [ParNew: 273953K->7293K(393216K), 0.0306450 secs] 543472K->276820K(4063232K), 0.0308270 secs] [Times: user=0.14 sys=0.00, real=0.03 secs]
2017-12-29T16:33:16.695+0800: 437.078: [GC2017-12-29T16:33:16.696+0800: 437.078: [ParNew: 269437K->8404K(393216K), 0.0191430 secs] 538964K->277944K(4063232K), 0.0193530 secs] [Times: user=0.08 sys=0.00, real=0.02 secs]
2017-12-29T16:33:17.231+0800: 437.613: [GC2017-12-29T16:33:17.231+0800: 437.613: [ParNew: 270548K->8939K(393216K), 0.0197530 secs] 540088K->278626K(4063232K), 0.0199950 secs] [Times: user=0.09 sys=0.00, real=0.02 secs]
2017-12-29T16:33:52.592+0800: 472.975: [GC2017-12-29T16:33:52.593+0800: 472.975: [ParNew: 271083K->28783K(393216K), 0.0910020 secs] 540770K->298490K(4063232K), 0.0914270 secs] [Times: user=0.31 sys=0.00, real=0.10 secs]
2017-12-29T16:34:22.062+0800: 502.444: [Full GC2017-12-29T16:34:22.062+0800: 502.444: [CMS: 269706K->259062K(3670016K), 1.1649820 secs] 415139K->259062K(4063232K), [CMS Perm : 46383K->46265K(131072K)], 1.1652950 secs] [Times: user=1.09 sys=0.04, real=1.17 secs]